fsl_lpsci.c:167:13:LPSCI_TransferIsRxRingBufferFull	0	static
fsl_lpsci.c:131:10:LPSCI_GetInstance	0	static
fsl_lpsci.c:213:10:LPSCI_Init	56	static
fsl_lpsci.c:326:6:LPSCI_Deinit	0	static
fsl_lpsci.c:339:6:LPSCI_GetDefaultConfig	0	static
fsl_lpsci.c:350:10:LPSCI_SetBaudRate	56	static
fsl_lpsci.c:431:6:LPSCI_EnableInterrupts	0	static
fsl_lpsci.c:442:6:LPSCI_DisableInterrupts	0	static
fsl_lpsci.c:453:10:LPSCI_GetEnabledInterrupts	0	static
fsl_lpsci.c:461:10:LPSCI_GetStatusFlags	0	static
fsl_lpsci.c:473:10:LPSCI_ClearStatusFlags	8	static
fsl_lpsci.c:864:6:LPSCI_TransferHandleIRQ	32	static
fsl_lpsci.c:519:6:LPSCI_WriteBlocking	0	static
fsl_lpsci.c:534:10:LPSCI_ReadBlocking	24	static
fsl_lpsci.c:576:6:LPSCI_TransferCreateHandle	24	static
fsl_lpsci.c:608:6:LPSCI_TransferStartRingBuffer	8	static
fsl_lpsci.c:629:6:LPSCI_TransferStopRingBuffer	16	static
fsl_lpsci.c:651:10:LPSCI_TransferSendNonBlocking	8	static
fsl_lpsci.c:681:6:LPSCI_TransferAbortSend	8	static
fsl_lpsci.c:691:10:LPSCI_TransferGetSendCount	0	static
fsl_lpsci.c:706:10:LPSCI_TransferReceiveNonBlocking	32	static
fsl_lpsci.c:828:6:LPSCI_TransferAbortReceive	16	static
fsl_lpsci.c:849:10:LPSCI_TransferGetReceiveCount	0	static
fsl_lpsci.c:1063:6:LPSCI_TransferHandleErrorIRQ	0	static
fsl_lpsci.c:1069:6:UART0_DriverIRQHandler	8	static
