fsl_clock.c:202:6:CLOCK_FllStableDelay	8	static
fsl_clock.c:229:17:CLOCK_GetFllExtRefClkFreq	8	static
fsl_clock.c:281:17:CLOCK_GetInternalRefClkSelectFreq	0	static
fsl_clock.c:335:10:CLOCK_GetOsc0ErClkFreq	0	static
fsl_clock.c:349:10:CLOCK_GetEr32kClkFreq	8	static
fsl_clock.c:471:6:CLOCK_SetSimConfig	12	static
fsl_clock.c:504:10:CLOCK_GetFllFreq	8	static
fsl_clock.c:530:10:CLOCK_GetInternalRefClkFreq	8	static
fsl_clock.c:556:10:CLOCK_GetPll0Freq	16	static
fsl_clock.c:373:10:CLOCK_GetPllFllSelClkFreq	8	static
fsl_clock.c:478:10:CLOCK_GetOutClkFreq	8	static
fsl_clock.c:409:10:CLOCK_GetBusClkFreq	16	static
fsl_clock.c:399:10:CLOCK_GetFlashClkFreq	8	static
fsl_clock.c:419:10:CLOCK_GetCoreSysClkFreq	8	static
fsl_clock.c:394:10:CLOCK_GetPlatClkFreq	8	static
fsl_clock.c:541:10:CLOCK_GetFixedFreqClkFreq	8	static
fsl_clock.c:424:10:CLOCK_GetFreq	16	static
fsl_clock.c:580:10:CLOCK_SetExternalRefClkConfig	0	static
fsl_clock.c:588:10:CLOCK_SetInternalRefClkConfig	16	static
fsl_clock.c:636:10:CLOCK_CalcPllDiv	48	static
fsl_clock.c:733:6:CLOCK_EnablePll0	8	static
fsl_clock.c:753:6:CLOCK_SetOsc0MonitorMode	0	static
fsl_clock.c:776:6:CLOCK_SetPll0MonitorMode	8	static
fsl_clock.c:804:10:CLOCK_GetStatusFlags	0	static
fsl_clock.c:828:6:CLOCK_ClearStatusFlags	0	static
fsl_clock.c:840:6:CLOCK_InitOsc0	12	static
fsl_clock.c:858:6:CLOCK_DeinitOsc0	0	static
fsl_clock.c:864:10:CLOCK_TrimInternalRefClk	32	static
fsl_clock.c:940:12:CLOCK_GetMode	16	static
fsl_clock.c:1040:10:CLOCK_SetFeiMode	24	static
fsl_clock.c:1100:10:CLOCK_SetFeeMode	32	static
fsl_clock.c:1177:10:CLOCK_SetFbiMode	24	static
fsl_clock.c:1241:10:CLOCK_SetFbeMode	16	static
fsl_clock.c:1323:10:CLOCK_SetBlpiMode	0	static
fsl_clock.c:1338:10:CLOCK_SetBlpeMode	8	static
fsl_clock.c:1353:10:CLOCK_SetPbeMode	8	static
fsl_clock.c:1394:10:CLOCK_SetPeeMode	0	static
fsl_clock.c:1415:10:CLOCK_ExternalModeToFbeModeQuick	0	static
fsl_clock.c:1441:10:CLOCK_InternalModeToFbiModeQuick	0	static
fsl_clock.c:1461:10:CLOCK_BootToFeiMode	8	static
fsl_clock.c:1466:10:CLOCK_BootToFeeMode	8	static
fsl_clock.c:1474:10:CLOCK_BootToBlpiMode	8	static
fsl_clock.c:1491:10:CLOCK_BootToBlpeMode	0	static
fsl_clock.c:1522:10:CLOCK_BootToPeeMode	8	static
fsl_clock.c:1568:10:CLOCK_SetMcgConfig	24	static
