Archive member included to satisfy reference by file (symbol)

/usr/lib/gcc/arm-none-eabi/9.2.1/thumb/v6-m/nofp/libgcc.a(_thumb1_case_uqi.o)
                              ./drivers/fsl_clock.o (__gnu_thumb1_case_uqi)
/usr/lib/gcc/arm-none-eabi/9.2.1/thumb/v6-m/nofp/libgcc.a(_udivsi3.o)
                              ./source/bad.o (__aeabi_uidiv)
/usr/lib/gcc/arm-none-eabi/9.2.1/thumb/v6-m/nofp/libgcc.a(_divsi3.o)
                              ./source/bad.o (__aeabi_idiv)
/usr/lib/gcc/arm-none-eabi/9.2.1/thumb/v6-m/nofp/libgcc.a(_dvmd_tls.o)
                              /usr/lib/gcc/arm-none-eabi/9.2.1/thumb/v6-m/nofp/libgcc.a(_udivsi3.o) (__aeabi_idiv0)
/usr/lib/gcc/arm-none-eabi/9.2.1/../../../arm-none-eabi/lib/thumb/v6-m/nofp/libc_nano.a(lib_a-memcpy-stub.o)
                              ./board/pin_mux.o (memcpy)
/usr/lib/gcc/arm-none-eabi/9.2.1/../../../arm-none-eabi/lib/thumb/v6-m/nofp/libc_nano.a(lib_a-memset.o)
                              ./source/bad.o (memset)

Discarded input sections

 .text          0x0000000000000000        0x0 ./utilities/fsl_debug_console.o
 .data          0x0000000000000000        0x0 ./utilities/fsl_debug_console.o
 .bss           0x0000000000000000        0x0 ./utilities/fsl_debug_console.o
 .text.DbgConsole_Init
                0x0000000000000000       0x9c ./utilities/fsl_debug_console.o
 .text.DbgConsole_Deinit
                0x0000000000000000       0x40 ./utilities/fsl_debug_console.o
 .bss.s_debugConsole
                0x0000000000000000       0x10 ./utilities/fsl_debug_console.o
 .debug_info    0x0000000000000000     0x12a2 ./utilities/fsl_debug_console.o
 .debug_abbrev  0x0000000000000000      0x300 ./utilities/fsl_debug_console.o
 .debug_loc     0x0000000000000000      0x1dd ./utilities/fsl_debug_console.o
 .debug_aranges
                0x0000000000000000       0x28 ./utilities/fsl_debug_console.o
 .debug_ranges  0x0000000000000000       0x48 ./utilities/fsl_debug_console.o
 .debug_line    0x0000000000000000      0x34e ./utilities/fsl_debug_console.o
 .debug_str     0x0000000000000000      0xf49 ./utilities/fsl_debug_console.o
 .comment       0x0000000000000000       0x5a ./utilities/fsl_debug_console.o
 .debug_frame   0x0000000000000000       0x4c ./utilities/fsl_debug_console.o
 .ARM.attributes
                0x0000000000000000       0x2c ./utilities/fsl_debug_console.o
 .text          0x0000000000000000        0x0 ./startup/startup_mkl16z4.o
 .data          0x0000000000000000        0x0 ./startup/startup_mkl16z4.o
 .bss           0x0000000000000000        0x0 ./startup/startup_mkl16z4.o
 .text          0x0000000000000000        0x0 ./source/bad.o
 .data          0x0000000000000000        0x0 ./source/bad.o
 .bss           0x0000000000000000        0x0 ./source/bad.o
 .rodata.Melody0_Length
                0x0000000000000000        0x2 ./source/bad.o
 .text          0x0000000000000000        0x0 ./source/bad_remote.o
 .data          0x0000000000000000        0x0 ./source/bad_remote.o
 .bss           0x0000000000000000        0x0 ./source/bad_remote.o
 .text          0x0000000000000000        0x0 ./source/delay.o
 .data          0x0000000000000000        0x0 ./source/delay.o
 .bss           0x0000000000000000        0x0 ./source/delay.o
 .text          0x0000000000000000        0x0 ./source/lcd.o
 .data          0x0000000000000000        0x0 ./source/lcd.o
 .bss           0x0000000000000000        0x0 ./source/lcd.o
 .text.lcd_powerdown
                0x0000000000000000       0x26 ./source/lcd.o
 .text.lcd_show_logo
                0x0000000000000000        0x2 ./source/lcd.o
 .text          0x0000000000000000        0x0 ./source/semihost_hardfault.o
 .data          0x0000000000000000        0x0 ./source/semihost_hardfault.o
 .bss           0x0000000000000000        0x0 ./source/semihost_hardfault.o
 .text          0x0000000000000000        0x0 ./drivers/fsl_clock.o
 .data          0x0000000000000000        0x0 ./drivers/fsl_clock.o
 .bss           0x0000000000000000        0x0 ./drivers/fsl_clock.o
 .text.CLOCK_FllStableDelay
                0x0000000000000000       0x1c ./drivers/fsl_clock.o
 .text.CLOCK_GetFllExtRefClkFreq
                0x0000000000000000       0x3c ./drivers/fsl_clock.o
 .text.CLOCK_GetInternalRefClkSelectFreq
                0x0000000000000000       0x28 ./drivers/fsl_clock.o
 .text.CLOCK_GetOsc0ErClkFreq
                0x0000000000000000       0x1c ./drivers/fsl_clock.o
 .text.CLOCK_GetEr32kClkFreq
                0x0000000000000000       0x3c ./drivers/fsl_clock.o
 .text.CLOCK_GetFllFreq
                0x0000000000000000       0x4c ./drivers/fsl_clock.o
 .text.CLOCK_GetInternalRefClkFreq
                0x0000000000000000       0x18 ./drivers/fsl_clock.o
 .text.CLOCK_GetPll0Freq
                0x0000000000000000       0x34 ./drivers/fsl_clock.o
 .text.CLOCK_GetPllFllSelClkFreq
                0x0000000000000000       0x24 ./drivers/fsl_clock.o
 .text.CLOCK_GetOutClkFreq
                0x0000000000000000       0x38 ./drivers/fsl_clock.o
 .text.CLOCK_GetBusClkFreq
                0x0000000000000000       0x2c ./drivers/fsl_clock.o
 .text.CLOCK_GetFlashClkFreq
                0x0000000000000000        0x8 ./drivers/fsl_clock.o
 .text.CLOCK_GetCoreSysClkFreq
                0x0000000000000000       0x20 ./drivers/fsl_clock.o
 .text.CLOCK_GetPlatClkFreq
                0x0000000000000000        0x8 ./drivers/fsl_clock.o
 .text.CLOCK_GetFixedFreqClkFreq
                0x0000000000000000       0x34 ./drivers/fsl_clock.o
 .text.CLOCK_GetFreq
                0x0000000000000000       0x84 ./drivers/fsl_clock.o
 .text.CLOCK_SetExternalRefClkConfig
                0x0000000000000000        0x4 ./drivers/fsl_clock.o
 .text.CLOCK_CalcPllDiv
                0x0000000000000000       0xe8 ./drivers/fsl_clock.o
 .text.CLOCK_EnablePll0
                0x0000000000000000       0x30 ./drivers/fsl_clock.o
 .text.CLOCK_SetOsc0MonitorMode
                0x0000000000000000       0x38 ./drivers/fsl_clock.o
 .text.CLOCK_SetPll0MonitorMode
                0x0000000000000000       0x38 ./drivers/fsl_clock.o
 .text.CLOCK_GetStatusFlags
                0x0000000000000000       0x30 ./drivers/fsl_clock.o
 .text.CLOCK_ClearStatusFlags
                0x0000000000000000       0x20 ./drivers/fsl_clock.o
 .text.CLOCK_InitOsc0
                0x0000000000000000       0x68 ./drivers/fsl_clock.o
 .text.CLOCK_DeinitOsc0
                0x0000000000000000       0x1c ./drivers/fsl_clock.o
 .text.CLOCK_TrimInternalRefClk
                0x0000000000000000       0xc8 ./drivers/fsl_clock.o
 .text.CLOCK_GetMode
                0x0000000000000000       0x50 ./drivers/fsl_clock.o
 .text.CLOCK_SetFeeMode
                0x0000000000000000       0x80 ./drivers/fsl_clock.o
 .text.CLOCK_SetFbiMode
                0x0000000000000000       0x6c ./drivers/fsl_clock.o
 .text.CLOCK_SetFbeMode
                0x0000000000000000       0x7c ./drivers/fsl_clock.o
 .text.CLOCK_SetBlpiMode
                0x0000000000000000       0x14 ./drivers/fsl_clock.o
 .text.CLOCK_SetBlpeMode
                0x0000000000000000        0x8 ./drivers/fsl_clock.o
 .text.CLOCK_SetPbeMode
                0x0000000000000000       0x50 ./drivers/fsl_clock.o
 .text.CLOCK_SetPeeMode
                0x0000000000000000       0x20 ./drivers/fsl_clock.o
 .text.CLOCK_ExternalModeToFbeModeQuick
                0x0000000000000000       0x40 ./drivers/fsl_clock.o
 .text.CLOCK_InternalModeToFbiModeQuick
                0x0000000000000000       0x2c ./drivers/fsl_clock.o
 .text.CLOCK_BootToFeeMode
                0x0000000000000000       0x10 ./drivers/fsl_clock.o
 .text.CLOCK_BootToBlpiMode
                0x0000000000000000       0x38 ./drivers/fsl_clock.o
 .text.CLOCK_BootToBlpeMode
                0x0000000000000000       0x38 ./drivers/fsl_clock.o
 .text.CLOCK_BootToPeeMode
                0x0000000000000000       0x2c ./drivers/fsl_clock.o
 .text.CLOCK_SetMcgConfig
                0x0000000000000000       0xf0 ./drivers/fsl_clock.o
 .bss.g_xtal0Freq
                0x0000000000000000        0x4 ./drivers/fsl_clock.o
 .bss.g_xtal32Freq
                0x0000000000000000        0x4 ./drivers/fsl_clock.o
 .data.s_fastIrcFreq
                0x0000000000000000        0x4 ./drivers/fsl_clock.o
 .data.s_slowIrcFreq
                0x0000000000000000        0x4 ./drivers/fsl_clock.o
 .rodata.fllFactorTable.5370
                0x0000000000000000       0x10 ./drivers/fsl_clock.o
 .rodata.mcgModeMatrix
                0x0000000000000000       0x40 ./drivers/fsl_clock.o
 .rodata.trimRange.5462
                0x0000000000000000       0x10 ./drivers/fsl_clock.o
 .text          0x0000000000000000        0x0 ./drivers/fsl_common.o
 .data          0x0000000000000000        0x0 ./drivers/fsl_common.o
 .bss           0x0000000000000000        0x0 ./drivers/fsl_common.o
 .text.InstallIRQHandler
                0x0000000000000000       0x50 ./drivers/fsl_common.o
 .debug_info    0x0000000000000000      0xcc6 ./drivers/fsl_common.o
 .debug_abbrev  0x0000000000000000      0x35b ./drivers/fsl_common.o
 .debug_loc     0x0000000000000000       0xca ./drivers/fsl_common.o
 .debug_aranges
                0x0000000000000000       0x20 ./drivers/fsl_common.o
 .debug_ranges  0x0000000000000000       0x58 ./drivers/fsl_common.o
 .debug_line    0x0000000000000000      0x23b ./drivers/fsl_common.o
 .debug_str     0x0000000000000000      0x8fa ./drivers/fsl_common.o
 .comment       0x0000000000000000       0x5a ./drivers/fsl_common.o
 .debug_frame   0x0000000000000000       0x30 ./drivers/fsl_common.o
 .ARM.attributes
                0x0000000000000000       0x2c ./drivers/fsl_common.o
 .text          0x0000000000000000        0x0 ./drivers/fsl_gpio.o
 .data          0x0000000000000000        0x0 ./drivers/fsl_gpio.o
 .bss           0x0000000000000000        0x0 ./drivers/fsl_gpio.o
 .text.GPIO_GetPinsInterruptFlags
                0x0000000000000000       0x50 ./drivers/fsl_gpio.o
 .text.GPIO_ClearPinsInterruptFlags
                0x0000000000000000       0x50 ./drivers/fsl_gpio.o
 .text.FGPIO_PinInit
                0x0000000000000000       0x26 ./drivers/fsl_gpio.o
 .text.FGPIO_GetPinsInterruptFlags
                0x0000000000000000       0x4c ./drivers/fsl_gpio.o
 .text.FGPIO_ClearPinsInterruptFlags
                0x0000000000000000       0x4c ./drivers/fsl_gpio.o
 .rodata.s_portBases
                0x0000000000000000       0x14 ./drivers/fsl_gpio.o
 .text          0x0000000000000000        0x0 ./drivers/fsl_lpsci.o
 .data          0x0000000000000000        0x0 ./drivers/fsl_lpsci.o
 .bss           0x0000000000000000        0x0 ./drivers/fsl_lpsci.o
 .text.LPSCI_TransferIsRxRingBufferFull
                0x0000000000000000       0x26 ./drivers/fsl_lpsci.o
 .text.LPSCI_GetInstance
                0x0000000000000000       0x10 ./drivers/fsl_lpsci.o
 .text.LPSCI_Init
                0x0000000000000000      0x12c ./drivers/fsl_lpsci.o
 .text.LPSCI_Deinit
                0x0000000000000000       0x1c ./drivers/fsl_lpsci.o
 .text.LPSCI_GetDefaultConfig
                0x0000000000000000        0xc ./drivers/fsl_lpsci.o
 .text.LPSCI_SetBaudRate
                0x0000000000000000       0xdc ./drivers/fsl_lpsci.o
 .text.LPSCI_EnableInterrupts
                0x0000000000000000       0x24 ./drivers/fsl_lpsci.o
 .text.LPSCI_DisableInterrupts
                0x0000000000000000       0x20 ./drivers/fsl_lpsci.o
 .text.LPSCI_GetEnabledInterrupts
                0x0000000000000000       0x1c ./drivers/fsl_lpsci.o
 .text.LPSCI_GetStatusFlags
                0x0000000000000000        0xa ./drivers/fsl_lpsci.o
 .text.LPSCI_ClearStatusFlags
                0x0000000000000000       0x54 ./drivers/fsl_lpsci.o
 .text.LPSCI_TransferHandleIRQ
                0x0000000000000000      0x1e4 ./drivers/fsl_lpsci.o
 .text.LPSCI_WriteBlocking
                0x0000000000000000       0x18 ./drivers/fsl_lpsci.o
 .text.LPSCI_ReadBlocking
                0x0000000000000000       0x78 ./drivers/fsl_lpsci.o
 .text.LPSCI_TransferCreateHandle
                0x0000000000000000       0x54 ./drivers/fsl_lpsci.o
 .text.LPSCI_TransferStartRingBuffer
                0x0000000000000000       0x28 ./drivers/fsl_lpsci.o
 .text.LPSCI_TransferStopRingBuffer
                0x0000000000000000       0x36 ./drivers/fsl_lpsci.o
 .text.LPSCI_TransferSendNonBlocking
                0x0000000000000000       0x2c ./drivers/fsl_lpsci.o
 .text.LPSCI_TransferAbortSend
                0x0000000000000000       0x16 ./drivers/fsl_lpsci.o
 .text.LPSCI_TransferGetSendCount
                0x0000000000000000       0x18 ./drivers/fsl_lpsci.o
 .text.LPSCI_TransferReceiveNonBlocking
                0x0000000000000000       0xf0 ./drivers/fsl_lpsci.o
 .text.LPSCI_TransferAbortReceive
                0x0000000000000000       0x30 ./drivers/fsl_lpsci.o
 .text.LPSCI_TransferGetReceiveCount
                0x0000000000000000       0x18 ./drivers/fsl_lpsci.o
 .text.LPSCI_TransferHandleErrorIRQ
                0x0000000000000000        0x2 ./drivers/fsl_lpsci.o
 .text          0x0000000000000000        0x0 ./drivers/fsl_tpm.o
 .data          0x0000000000000000        0x0 ./drivers/fsl_tpm.o
 .bss           0x0000000000000000        0x0 ./drivers/fsl_tpm.o
 .text.TPM_Deinit
                0x0000000000000000       0x50 ./drivers/fsl_tpm.o
 .text.TPM_GetDefaultConfig
                0x0000000000000000       0x14 ./drivers/fsl_tpm.o
 .text.TPM_UpdatePwmDutycycle
                0x0000000000000000       0x28 ./drivers/fsl_tpm.o
 .text.TPM_UpdateChnlEdgeLevelSelect
                0x0000000000000000       0x34 ./drivers/fsl_tpm.o
 .text.TPM_SetupInputCapture
                0x0000000000000000       0x22 ./drivers/fsl_tpm.o
 .text.TPM_SetupOutputCompare
                0x0000000000000000       0x26 ./drivers/fsl_tpm.o
 .text.TPM_EnableInterrupts
                0x0000000000000000       0x32 ./drivers/fsl_tpm.o
 .text.TPM_DisableInterrupts
                0x0000000000000000       0x32 ./drivers/fsl_tpm.o
 .text.TPM_GetEnabledInterrupts
                0x0000000000000000       0x64 ./drivers/fsl_tpm.o
 .text          0x0000000000000000        0x0 ./drivers/fsl_uart.o
 .data          0x0000000000000000        0x0 ./drivers/fsl_uart.o
 .bss           0x0000000000000000        0x0 ./drivers/fsl_uart.o
 .text.UART_TransferIsRxRingBufferFull
                0x0000000000000000       0x26 ./drivers/fsl_uart.o
 .text.UART_GetInstance
                0x0000000000000000       0x24 ./drivers/fsl_uart.o
 .text.UART_Init
                0x0000000000000000       0xe4 ./drivers/fsl_uart.o
 .text.UART_Deinit
                0x0000000000000000       0x34 ./drivers/fsl_uart.o
 .text.UART_GetDefaultConfig
                0x0000000000000000        0xc ./drivers/fsl_uart.o
 .text.UART_SetBaudRate
                0x0000000000000000       0x80 ./drivers/fsl_uart.o
 .text.UART_EnableInterrupts
                0x0000000000000000       0x24 ./drivers/fsl_uart.o
 .text.UART_DisableInterrupts
                0x0000000000000000       0x20 ./drivers/fsl_uart.o
 .text.UART_TransferHandleIRQ
                0x0000000000000000      0x1f4 ./drivers/fsl_uart.o
 .text.UART_GetEnabledInterrupts
                0x0000000000000000       0x1c ./drivers/fsl_uart.o
 .text.UART_GetStatusFlags
                0x0000000000000000        0xa ./drivers/fsl_uart.o
 .text.UART_ClearStatusFlags
                0x0000000000000000       0x3c ./drivers/fsl_uart.o
 .text.UART_WriteBlocking
                0x0000000000000000       0x18 ./drivers/fsl_uart.o
 .text.UART_ReadBlocking
                0x0000000000000000       0x60 ./drivers/fsl_uart.o
 .text.UART_TransferCreateHandle
                0x0000000000000000       0x68 ./drivers/fsl_uart.o
 .text.UART_TransferStartRingBuffer
                0x0000000000000000       0x28 ./drivers/fsl_uart.o
 .text.UART_TransferStopRingBuffer
                0x0000000000000000       0x36 ./drivers/fsl_uart.o
 .text.UART_TransferSendNonBlocking
                0x0000000000000000       0x2c ./drivers/fsl_uart.o
 .text.UART_TransferAbortSend
                0x0000000000000000       0x16 ./drivers/fsl_uart.o
 .text.UART_TransferGetSendCount
                0x0000000000000000       0x18 ./drivers/fsl_uart.o
 .text.UART_TransferReceiveNonBlocking
                0x0000000000000000       0xf0 ./drivers/fsl_uart.o
 .text.UART_TransferAbortReceive
                0x0000000000000000       0x30 ./drivers/fsl_uart.o
 .text.UART_TransferGetReceiveCount
                0x0000000000000000       0x1e ./drivers/fsl_uart.o
 .text.UART_TransferHandleErrorIRQ
                0x0000000000000000        0x2 ./drivers/fsl_uart.o
 .text.UART1_RX_TX_DriverIRQHandler
                0x0000000000000000        0x8 ./drivers/fsl_uart.o
 .text.UART2_RX_TX_DriverIRQHandler
                0x0000000000000000        0x8 ./drivers/fsl_uart.o
 .rodata.s_uartClock
                0x0000000000000000        0xc ./drivers/fsl_uart.o
 .rodata.s_uartIRQ
                0x0000000000000000        0x3 ./drivers/fsl_uart.o
 .text          0x0000000000000000        0x0 ./board/board.o
 .data          0x0000000000000000        0x0 ./board/board.o
 .bss           0x0000000000000000        0x0 ./board/board.o
 .text          0x0000000000000000        0x0 ./board/clock_config.o
 .data          0x0000000000000000        0x0 ./board/clock_config.o
 .bss           0x0000000000000000        0x0 ./board/clock_config.o
 .rodata.mcgConfig_BOARD_BootClockRUN
                0x0000000000000000        0xa ./board/clock_config.o
 .rodata.oscConfig_BOARD_BootClockRUN
                0x0000000000000000        0x8 ./board/clock_config.o
 .text          0x0000000000000000        0x0 ./board/peripherals.o
 .data          0x0000000000000000        0x0 ./board/peripherals.o
 .bss           0x0000000000000000        0x0 ./board/peripherals.o
 .text.BOARD_InitPeripherals
                0x0000000000000000        0x8 ./board/peripherals.o
 .text          0x0000000000000000        0x0 ./board/pin_mux.o
 .data          0x0000000000000000        0x0 ./board/pin_mux.o
 .bss           0x0000000000000000        0x0 ./board/pin_mux.o
 .text          0x0000000000000000        0x0 ./CMSIS/system_MKL16Z4.o
 .data          0x0000000000000000        0x0 ./CMSIS/system_MKL16Z4.o
 .bss           0x0000000000000000        0x0 ./CMSIS/system_MKL16Z4.o
 .text.SystemCoreClockUpdate
                0x0000000000000000      0x124 ./CMSIS/system_MKL16Z4.o
 .text          0x0000000000000000       0x14 /usr/lib/gcc/arm-none-eabi/9.2.1/thumb/v6-m/nofp/libgcc.a(_thumb1_case_uqi.o)
 .data          0x0000000000000000        0x0 /usr/lib/gcc/arm-none-eabi/9.2.1/thumb/v6-m/nofp/libgcc.a(_thumb1_case_uqi.o)
 .bss           0x0000000000000000        0x0 /usr/lib/gcc/arm-none-eabi/9.2.1/thumb/v6-m/nofp/libgcc.a(_thumb1_case_uqi.o)
 .debug_line    0x0000000000000000       0x68 /usr/lib/gcc/arm-none-eabi/9.2.1/thumb/v6-m/nofp/libgcc.a(_thumb1_case_uqi.o)
 .debug_info    0x0000000000000000       0x26 /usr/lib/gcc/arm-none-eabi/9.2.1/thumb/v6-m/nofp/libgcc.a(_thumb1_case_uqi.o)
 .debug_abbrev  0x0000000000000000       0x14 /usr/lib/gcc/arm-none-eabi/9.2.1/thumb/v6-m/nofp/libgcc.a(_thumb1_case_uqi.o)
 .debug_aranges
                0x0000000000000000       0x20 /usr/lib/gcc/arm-none-eabi/9.2.1/thumb/v6-m/nofp/libgcc.a(_thumb1_case_uqi.o)
 .debug_str     0x0000000000000000       0xa3 /usr/lib/gcc/arm-none-eabi/9.2.1/thumb/v6-m/nofp/libgcc.a(_thumb1_case_uqi.o)
 .ARM.attributes
                0x0000000000000000       0x1e /usr/lib/gcc/arm-none-eabi/9.2.1/thumb/v6-m/nofp/libgcc.a(_thumb1_case_uqi.o)
 .data          0x0000000000000000        0x0 /usr/lib/gcc/arm-none-eabi/9.2.1/thumb/v6-m/nofp/libgcc.a(_udivsi3.o)
 .bss           0x0000000000000000        0x0 /usr/lib/gcc/arm-none-eabi/9.2.1/thumb/v6-m/nofp/libgcc.a(_udivsi3.o)
 .text          0x0000000000000000      0x1d4 /usr/lib/gcc/arm-none-eabi/9.2.1/thumb/v6-m/nofp/libgcc.a(_divsi3.o)
 .data          0x0000000000000000        0x0 /usr/lib/gcc/arm-none-eabi/9.2.1/thumb/v6-m/nofp/libgcc.a(_divsi3.o)
 .bss           0x0000000000000000        0x0 /usr/lib/gcc/arm-none-eabi/9.2.1/thumb/v6-m/nofp/libgcc.a(_divsi3.o)
 .debug_frame   0x0000000000000000       0x20 /usr/lib/gcc/arm-none-eabi/9.2.1/thumb/v6-m/nofp/libgcc.a(_divsi3.o)
 .debug_line    0x0000000000000000       0x73 /usr/lib/gcc/arm-none-eabi/9.2.1/thumb/v6-m/nofp/libgcc.a(_divsi3.o)
 .debug_info    0x0000000000000000       0x26 /usr/lib/gcc/arm-none-eabi/9.2.1/thumb/v6-m/nofp/libgcc.a(_divsi3.o)
 .debug_abbrev  0x0000000000000000       0x14 /usr/lib/gcc/arm-none-eabi/9.2.1/thumb/v6-m/nofp/libgcc.a(_divsi3.o)
 .debug_aranges
                0x0000000000000000       0x20 /usr/lib/gcc/arm-none-eabi/9.2.1/thumb/v6-m/nofp/libgcc.a(_divsi3.o)
 .debug_str     0x0000000000000000       0xa3 /usr/lib/gcc/arm-none-eabi/9.2.1/thumb/v6-m/nofp/libgcc.a(_divsi3.o)
 .ARM.attributes
                0x0000000000000000       0x1e /usr/lib/gcc/arm-none-eabi/9.2.1/thumb/v6-m/nofp/libgcc.a(_divsi3.o)
 .data          0x0000000000000000        0x0 /usr/lib/gcc/arm-none-eabi/9.2.1/thumb/v6-m/nofp/libgcc.a(_dvmd_tls.o)
 .bss           0x0000000000000000        0x0 /usr/lib/gcc/arm-none-eabi/9.2.1/thumb/v6-m/nofp/libgcc.a(_dvmd_tls.o)
 .data          0x0000000000000000        0x0 /usr/lib/gcc/arm-none-eabi/9.2.1/../../../arm-none-eabi/lib/thumb/v6-m/nofp/libc_nano.a(lib_a-memcpy-stub.o)
 .bss           0x0000000000000000        0x0 /usr/lib/gcc/arm-none-eabi/9.2.1/../../../arm-none-eabi/lib/thumb/v6-m/nofp/libc_nano.a(lib_a-memcpy-stub.o)
 .data          0x0000000000000000        0x0 /usr/lib/gcc/arm-none-eabi/9.2.1/../../../arm-none-eabi/lib/thumb/v6-m/nofp/libc_nano.a(lib_a-memset.o)
 .bss           0x0000000000000000        0x0 /usr/lib/gcc/arm-none-eabi/9.2.1/../../../arm-none-eabi/lib/thumb/v6-m/nofp/libc_nano.a(lib_a-memset.o)

Memory Configuration

Name             Origin             Length             Attributes
PROGRAM_FLASH    0x0000000000000000 0x0000000000010000 xr
SRAM             0x000000001ffff800 0x0000000000002000 xrw
*default*        0x0000000000000000 0xffffffffffffffff

Linker script and memory map

LOAD ./utilities/fsl_debug_console.o
LOAD ./startup/startup_mkl16z4.o
LOAD ./source/bad.o
LOAD ./source/bad_remote.o
LOAD ./source/delay.o
LOAD ./source/lcd.o
LOAD ./source/semihost_hardfault.o
LOAD ./drivers/fsl_clock.o
LOAD ./drivers/fsl_common.o
LOAD ./drivers/fsl_gpio.o
LOAD ./drivers/fsl_lpsci.o
LOAD ./drivers/fsl_tpm.o
LOAD ./drivers/fsl_uart.o
LOAD ./board/board.o
LOAD ./board/clock_config.o
LOAD ./board/peripherals.o
LOAD ./board/pin_mux.o
LOAD ./CMSIS/system_MKL16Z4.o
START GROUP
LOAD /usr/lib/gcc/arm-none-eabi/9.2.1/thumb/v6-m/nofp/libgcc.a
LOAD /usr/lib/gcc/arm-none-eabi/9.2.1/../../../arm-none-eabi/lib/thumb/v6-m/nofp/libc_nano.a
LOAD /usr/lib/gcc/arm-none-eabi/9.2.1/../../../arm-none-eabi/lib/thumb/v6-m/nofp/libm.a
END GROUP
                0x0000000000000000                __base_PROGRAM_FLASH = 0x0
                0x0000000000000000                __base_Flash = 0x0
                0x0000000000010000                __top_PROGRAM_FLASH = 0x10000
                0x0000000000010000                __top_Flash = 0x10000
                0x000000001ffff800                __base_SRAM = 0x1ffff800
                0x000000001ffff800                __base_RAM = 0x1ffff800
                0x0000000020001800                __top_SRAM = 0x20001800
                0x0000000020001800                __top_RAM = 0x20001800

.text           0x0000000000000000     0xcd9c
 FILL mask 0xff
                0x0000000000000000                __vectors_start__ = ABSOLUTE (.)
 *(SORT_BY_ALIGNMENT(.isr_vector))
 .isr_vector    0x0000000000000000       0xc0 ./startup/startup_mkl16z4.o
                0x0000000000000000                __Vectors
                0x0000000000000000                g_pfnVectors
                0x00000000000000c0                . = ALIGN (0x4)
                0x00000000000000c0                __section_table_start = .
                0x00000000000000c0                __data_section_table = .
                0x00000000000000c0        0x4 LONG 0xcd9c LOADADDR (.data)
                0x00000000000000c4        0x4 LONG 0x1ffff800 ADDR (.data)
                0x00000000000000c8        0x4 LONG 0x4 SIZEOF (.data)
                0x00000000000000cc                __data_section_table_end = .
                0x00000000000000cc                __bss_section_table = .
                0x00000000000000cc        0x4 LONG 0x1ffff804 ADDR (.bss)
                0x00000000000000d0        0x4 LONG 0x424 SIZEOF (.bss)
                0x00000000000000d4                __bss_section_table_end = .
                0x00000000000000d4                __section_table_end = .
 *(SORT_BY_ALIGNMENT(.after_vectors*))
 .after_vectors.reset
                0x00000000000000d4       0x44 ./startup/startup_mkl16z4.o
                0x00000000000000d4                ResetISR
 .after_vectors
                0x0000000000000118      0x10c ./startup/startup_mkl16z4.o
                0x0000000000000118                NMI_Handler
                0x000000000000011c                SVC_Handler
                0x000000000000011e                PendSV_Handler
                0x0000000000000122                PIT_DriverIRQHandler
                0x0000000000000122                DMA0_DriverIRQHandler
                0x0000000000000122                SPI1_DriverIRQHandler
                0x0000000000000122                LPTMR0_DriverIRQHandler
                0x0000000000000122                PORTC_PORTD_DriverIRQHandler
                0x0000000000000122                I2S0_DriverIRQHandler
                0x0000000000000122                TPM2_DriverIRQHandler
                0x0000000000000122                TSI0_DriverIRQHandler
                0x0000000000000122                RTC_Seconds_DriverIRQHandler
                0x0000000000000122                LLWU_DriverIRQHandler
                0x0000000000000122                MCG_DriverIRQHandler
                0x0000000000000122                FTFA_DriverIRQHandler
                0x0000000000000122                IntDefaultHandler
                0x0000000000000122                DAC0_DriverIRQHandler
                0x0000000000000122                LVD_LVW_DriverIRQHandler
                0x0000000000000122                TPM0_DriverIRQHandler
                0x0000000000000122                Reserved20_DriverIRQHandler
                0x0000000000000122                DMA3_DriverIRQHandler
                0x0000000000000122                Reserved45_DriverIRQHandler
                0x0000000000000122                PORTA_DriverIRQHandler
                0x0000000000000122                TPM1_DriverIRQHandler
                0x0000000000000122                Reserved40_DriverIRQHandler
                0x0000000000000122                RTC_DriverIRQHandler
                0x0000000000000122                DMA1_DriverIRQHandler
                0x0000000000000122                I2C1_DriverIRQHandler
                0x0000000000000122                SPI0_DriverIRQHandler
                0x0000000000000122                ADC0_DriverIRQHandler
                0x0000000000000122                CMP0_DriverIRQHandler
                0x0000000000000122                DMA2_DriverIRQHandler
                0x0000000000000122                I2C0_DriverIRQHandler
                0x0000000000000124                DMA0_IRQHandler
                0x000000000000012c                DMA1_IRQHandler
                0x0000000000000134                DMA2_IRQHandler
                0x000000000000013c                DMA3_IRQHandler
                0x0000000000000144                Reserved20_IRQHandler
                0x000000000000014c                FTFA_IRQHandler
                0x0000000000000154                LVD_LVW_IRQHandler
                0x000000000000015c                LLWU_IRQHandler
                0x0000000000000164                I2C0_IRQHandler
                0x000000000000016c                I2C1_IRQHandler
                0x0000000000000174                SPI0_IRQHandler
                0x000000000000017c                SPI1_IRQHandler
                0x0000000000000184                UART0_IRQHandler
                0x000000000000018c                UART1_IRQHandler
                0x0000000000000194                UART2_IRQHandler
                0x000000000000019c                ADC0_IRQHandler
                0x00000000000001a4                CMP0_IRQHandler
                0x00000000000001ac                TPM0_IRQHandler
                0x00000000000001b4                TPM1_IRQHandler
                0x00000000000001bc                TPM2_IRQHandler
                0x00000000000001c4                RTC_IRQHandler
                0x00000000000001cc                RTC_Seconds_IRQHandler
                0x00000000000001d4                PIT_IRQHandler
                0x00000000000001dc                I2S0_IRQHandler
                0x00000000000001e4                Reserved40_IRQHandler
                0x00000000000001ec                DAC0_IRQHandler
                0x00000000000001f4                TSI0_IRQHandler
                0x00000000000001fc                MCG_IRQHandler
                0x0000000000000204                LPTMR0_IRQHandler
                0x000000000000020c                Reserved45_IRQHandler
                0x0000000000000214                PORTA_IRQHandler
                0x000000000000021c                PORTC_PORTD_IRQHandler
 .after_vectors.init_data
                0x0000000000000224       0x16 ./startup/startup_mkl16z4.o
                0x0000000000000224                data_init
 .after_vectors.init_bss
                0x000000000000023a       0x14 ./startup/startup_mkl16z4.o
                0x000000000000023a                bss_init
                0x0000000000000400                . = 0x400
 *fill*         0x000000000000024e      0x1b2 ff
                0x0000000000000400                PROVIDE (__FLASH_CONFIG_START__ = .)
 *(SORT_BY_ALIGNMENT(.FlashConfig))
 .FlashConfig   0x0000000000000400       0x10 ./startup/startup_mkl16z4.o
                0x0000000000000400                Flash_Config
                0x0000000000000410                PROVIDE (__FLASH_CONFIG_END__ = .)
                0x0000000000000001                ASSERT (! ((__FLASH_CONFIG_START__ == __FLASH_CONFIG_END__)), Linker Flash Config Support Enabled, but no .FlashConfig section provided within application)
 *(SORT_BY_ALIGNMENT(.text*))
 .text.SysTick_Handler
                0x0000000000000410       0x50 ./source/bad.o
                0x0000000000000410                SysTick_Handler
 .text.bad_main
                0x0000000000000460      0x118 ./source/bad.o
                0x0000000000000460                bad_main
 .text._delay_ms
                0x0000000000000578       0x18 ./source/delay.o
                0x0000000000000578                _delay_ms
 .text.lcd_write_command
                0x0000000000000590       0x5c ./source/lcd.o
 .text.lcd_init
                0x00000000000005ec      0x1b8 ./source/lcd.o
                0x00000000000005ec                lcd_init
 .text.HardFault_Handler
                0x00000000000007a4       0x2c ./source/semihost_hardfault.o
                0x00000000000007a4                HardFault_Handler
 .text.CLOCK_SetSimConfig
                0x00000000000007d0       0x4c ./drivers/fsl_clock.o
                0x00000000000007d0                CLOCK_SetSimConfig
 .text.CLOCK_SetInternalRefClkConfig
                0x000000000000081c       0x74 ./drivers/fsl_clock.o
                0x000000000000081c                CLOCK_SetInternalRefClkConfig
 .text.CLOCK_SetFeiMode
                0x0000000000000890       0x60 ./drivers/fsl_clock.o
                0x0000000000000890                CLOCK_SetFeiMode
 .text.UART0_DriverIRQHandler
                0x00000000000008f0       0x1c ./drivers/fsl_lpsci.o
                0x00000000000008f0                UART0_DriverIRQHandler
 .text.TPM_Init
                0x000000000000090c       0x94 ./drivers/fsl_tpm.o
                0x000000000000090c                TPM_Init
 .text.UART1_DriverIRQHandler
                0x00000000000009a0       0x1c ./drivers/fsl_uart.o
                0x00000000000009a0                UART1_DriverIRQHandler
 .text.UART2_DriverIRQHandler
                0x00000000000009bc       0x1c ./drivers/fsl_uart.o
                0x00000000000009bc                UART2_DriverIRQHandler
 .text.CLOCK_CONFIG_FllStableDelay
                0x00000000000009d8       0x14 ./board/clock_config.o
 .text.BOARD_BootClockRUN
                0x00000000000009ec       0x60 ./board/clock_config.o
                0x00000000000009ec                BOARD_BootClockRUN
 .text.TPM1_init
                0x0000000000000a4c       0x44 ./board/peripherals.o
 .text.BOARD_InitPins
                0x0000000000000a90       0x8c ./board/pin_mux.o
                0x0000000000000a90                BOARD_InitPins
 .text.SystemInit
                0x0000000000000b1c       0x24 ./CMSIS/system_MKL16Z4.o
                0x0000000000000b1c                SystemInit
 .text          0x0000000000000b40      0x114 /usr/lib/gcc/arm-none-eabi/9.2.1/thumb/v6-m/nofp/libgcc.a(_udivsi3.o)
                0x0000000000000b40                __udivsi3
                0x0000000000000b40                __aeabi_uidiv
                0x0000000000000c4c                __aeabi_uidivmod
 .text          0x0000000000000c54        0x4 /usr/lib/gcc/arm-none-eabi/9.2.1/thumb/v6-m/nofp/libgcc.a(_dvmd_tls.o)
                0x0000000000000c54                __aeabi_ldiv0
                0x0000000000000c54                __aeabi_idiv0
 .text          0x0000000000000c58       0xa8 /usr/lib/gcc/arm-none-eabi/9.2.1/../../../arm-none-eabi/lib/thumb/v6-m/nofp/libc_nano.a(lib_a-memcpy-stub.o)
                0x0000000000000c58                memcpy
 .text          0x0000000000000d00       0xa8 /usr/lib/gcc/arm-none-eabi/9.2.1/../../../arm-none-eabi/lib/thumb/v6-m/nofp/libc_nano.a(lib_a-memset.o)
                0x0000000000000d00                memset
 .text.resizePixels
                0x0000000000000da8       0xba ./source/bad.o
                0x0000000000000da8                resizePixels
 .text.startup.main
                0x0000000000000e62       0x1a ./source/bad_remote.o
                0x0000000000000e62                main
 .text.delay_us
                0x0000000000000e7c        0x2 ./source/delay.o
                0x0000000000000e7c                delay_us
 .text.lcd_send_data
                0x0000000000000e7e       0x46 ./source/lcd.o
                0x0000000000000e7e                lcd_send_data
 .text.CLOCK_BootToFeiMode
                0x0000000000000ec4        0x8 ./drivers/fsl_clock.o
                0x0000000000000ec4                CLOCK_BootToFeiMode
 .text.GPIO_PinInit
                0x0000000000000ecc       0x26 ./drivers/fsl_gpio.o
                0x0000000000000ecc                GPIO_PinInit
 .text.TPM_SetupPwm
                0x0000000000000ef2       0xae ./drivers/fsl_tpm.o
                0x0000000000000ef2                TPM_SetupPwm
 .text.BOARD_InitDebugConsole
                0x0000000000000fa0        0x2 ./board/board.o
                0x0000000000000fa0                BOARD_InitDebugConsole
 .text.BOARD_InitBootClocks
                0x0000000000000fa2        0x8 ./board/clock_config.o
                0x0000000000000fa2                BOARD_InitBootClocks
 .text.BOARD_InitBootPeripherals
                0x0000000000000faa        0x8 ./board/peripherals.o
                0x0000000000000faa                BOARD_InitBootPeripherals
 .text.BOARD_InitBootPins
                0x0000000000000fb2        0x8 ./board/pin_mux.o
                0x0000000000000fb2                BOARD_InitBootPins
 *(SORT_BY_ALIGNMENT(.rodata) SORT_BY_ALIGNMENT(.rodata.*) SORT_BY_ALIGNMENT(.constdata) SORT_BY_ALIGNMENT(.constdata.*))
 *fill*         0x0000000000000fba        0x2 ff
 .rodata.s_tpmClocks
                0x0000000000000fbc        0xc ./drivers/fsl_tpm.o
 .rodata.simConfig_BOARD_BootClockRUN
                0x0000000000000fc8        0x8 ./board/clock_config.o
                0x0000000000000fc8                simConfig_BOARD_BootClockRUN
 .rodata.Freq8  0x0000000000000fd0       0x18 ./source/bad.o
                0x0000000000000fd0                Freq8
 .rodata.Melody0
                0x0000000000000fe8     0x1a36 ./source/bad.o
 .rodata.multiple_frames_bin
                0x0000000000002a1e     0xa370 ./source/bad.o
                0x0000000000002a1e                multiple_frames_bin
 .rodata.TPM1_config
                0x000000000000cd8e        0x8 ./board/peripherals.o
                0x000000000000cd8e                TPM1_config
 .rodata.TPM1_pwmSignalParams
                0x000000000000cd96        0x3 ./board/peripherals.o
                0x000000000000cd96                TPM1_pwmSignalParams
 .rodata        0x000000000000cd99        0x2 ./board/pin_mux.o
                0x000000000000cd9c                . = ALIGN (0x4)
 *fill*         0x000000000000cd9b        0x1 ff

.glue_7         0x000000000000cd9c        0x0
 .glue_7        0x000000000000cd9c        0x0 linker stubs

.glue_7t        0x000000000000cd9c        0x0
 .glue_7t       0x000000000000cd9c        0x0 linker stubs

.vfp11_veneer   0x000000000000cd9c        0x0
 .vfp11_veneer  0x000000000000cd9c        0x0 linker stubs

.v4_bx          0x000000000000cd9c        0x0
 .v4_bx         0x000000000000cd9c        0x0 linker stubs

.iplt           0x000000000000cd9c        0x0
 .iplt          0x000000000000cd9c        0x0 ./startup/startup_mkl16z4.o

.rel.dyn        0x000000000000cd9c        0x0
 .rel.iplt      0x000000000000cd9c        0x0 ./startup/startup_mkl16z4.o

.ARM.extab
 *(SORT_BY_ALIGNMENT(.ARM.extab*) SORT_BY_ALIGNMENT(.gnu.linkonce.armextab.*))

.ARM.exidx      0x000000000000cd9c        0x0
                0x000000000000cd9c                __exidx_start = .
 *(SORT_BY_ALIGNMENT(.ARM.exidx*) SORT_BY_ALIGNMENT(.gnu.linkonce.armexidx.*))
                0x000000000000cd9c                __exidx_end = .
                0x000000000000cd9c                _etext = .

.mtb_buffer_default
 *(SORT_BY_ALIGNMENT(.mtb*))

.uninit_RESERVED
                0x000000001ffff800        0x0
                0x000000001ffff800                _start_uninit_RESERVED = .
 *(SORT_BY_ALIGNMENT(.bss.$RESERVED*))
                0x000000001ffff800                . = ALIGN (0x4)
                0x000000001ffff800                _end_uninit_RESERVED = .

.data           0x000000001ffff800        0x4 load address 0x000000000000cd9c
 FILL mask 0xff
                0x000000001ffff800                _data = .
                [!provide]                        PROVIDE (__start_data_RAM = .)
                [!provide]                        PROVIDE (__start_data_SRAM = .)
 *(SORT_BY_ALIGNMENT(vtable))
 *(SORT_BY_ALIGNMENT(.ramfunc*))
 *(SORT_BY_ALIGNMENT(CodeQuickAccess))
 *(SORT_BY_ALIGNMENT(DataQuickAccess))
 *(SORT_BY_ALIGNMENT(RamFunction))
 *(SORT_BY_ALIGNMENT(.data*))
 .data.SystemCoreClock
                0x000000001ffff800        0x4 ./CMSIS/system_MKL16Z4.o
                0x000000001ffff800                SystemCoreClock
                0x000000001ffff804                . = ALIGN (0x4)
                0x000000001ffff804                _edata = .
                [!provide]                        PROVIDE (__end_data_RAM = .)
                [!provide]                        PROVIDE (__end_data_SRAM = .)

.igot.plt       0x000000001ffff804        0x0 load address 0x000000000000cda0
 .igot.plt      0x000000001ffff804        0x0 ./startup/startup_mkl16z4.o

.bss            0x000000001ffff804      0x424
                0x000000001ffff804                _bss = .
                [!provide]                        PROVIDE (__start_bss_RAM = .)
                [!provide]                        PROVIDE (__start_bss_SRAM = .)
 *(SORT_BY_ALIGNMENT(.bss*))
 .bss.buzzerDuration
                0x000000001ffff804        0x4 ./source/bad.o
 .bss.g_msTicks
                0x000000001ffff808        0x4 ./source/delay.o
                0x000000001ffff808                g_msTicks
 .bss.s_lpsciHandle
                0x000000001ffff80c        0x4 ./drivers/fsl_lpsci.o
 .bss.s_lpsciIsr
                0x000000001ffff810        0x4 ./drivers/fsl_lpsci.o
 .bss.s_uartHandle
                0x000000001ffff814        0xc ./drivers/fsl_uart.o
 .bss.s_uartIsr
                0x000000001ffff820        0x4 ./drivers/fsl_uart.o
 .bss.frameBuf  0x000000001ffff824      0x400 ./source/bad.o
 .bss.screenUpdateTick
                0x000000001ffffc24        0x1 ./source/bad.o
 *(SORT_BY_ALIGNMENT(COMMON))
                0x000000001ffffc28                . = ALIGN (0x4)
 *fill*         0x000000001ffffc25        0x3 
                0x000000001ffffc28                _ebss = .
                [!provide]                        PROVIDE (__end_bss_RAM = .)
                [!provide]                        PROVIDE (__end_bss_SRAM = .)
                [!provide]                        PROVIDE (end = .)

.noinit         0x000000001ffffc28        0x0
                0x000000001ffffc28                _noinit = .
                [!provide]                        PROVIDE (__start_noinit_RAM = .)
                [!provide]                        PROVIDE (__start_noinit_SRAM = .)
 *(SORT_BY_ALIGNMENT(.noinit*))
                0x000000001ffffc28                . = ALIGN (0x4)
                0x000000001ffffc28                _end_noinit = .
                [!provide]                        PROVIDE (__end_noinit_RAM = .)
                [!provide]                        PROVIDE (__end_noinit_SRAM = .)
                0x0000000000000200                _HeapSize = 0x200

.heap           0x000000001ffffc28      0x200
                0x000000001ffffc28                _pvHeapStart = .
                0x000000001ffffe28                . = (. + _HeapSize)
 *fill*         0x000000001ffffc28      0x200 
                0x000000001ffffe28                . = ALIGN (0x4)
                0x000000001ffffe28                _pvHeapLimit = .
                0x0000000000000200                _StackSize = 0x200

.heap2stackfill
                0x000000001ffffe28      0x200
                0x0000000020000028                . = (. + _StackSize)
 *fill*         0x000000001ffffe28      0x200 

.stack          0x0000000020001600        0x0
                0x0000000020001600                _vStackBase = .
                0x0000000020001600                . = ALIGN (0x4)
                0x0000000020001800                _vStackTop = (. + _StackSize)
                0x0000000000000000                _image_start = LOADADDR (.text)
                0x000000000000cda0                _image_end = (LOADADDR (.data) + SIZEOF (.data))
                0x000000000000cda0                _image_size = (_image_end - _image_start)
OUTPUT(bad_remote.axf elf32-littlearm)
LOAD linker stubs

.debug_info     0x0000000000000000    0x12f9d
 .debug_info    0x0000000000000000      0x69d ./startup/startup_mkl16z4.o
 .debug_info    0x000000000000069d     0x1407 ./source/bad.o
 .debug_info    0x0000000000001aa4      0xe30 ./source/bad_remote.o
 .debug_info    0x00000000000028d4      0x9b2 ./source/delay.o
 .debug_info    0x0000000000003286     0x14a9 ./source/lcd.o
 .debug_info    0x000000000000472f       0x38 ./source/semihost_hardfault.o
 .debug_info    0x0000000000004767     0x266b ./drivers/fsl_clock.o
 .debug_info    0x0000000000006dd2     0x10ee ./drivers/fsl_gpio.o
 .debug_info    0x0000000000007ec0     0x2399 ./drivers/fsl_lpsci.o
 .debug_info    0x000000000000a259     0x162c ./drivers/fsl_tpm.o
 .debug_info    0x000000000000b885     0x2310 ./drivers/fsl_uart.o
 .debug_info    0x000000000000db95       0x7e ./board/board.o
 .debug_info    0x000000000000dc13     0x1102 ./board/clock_config.o
 .debug_info    0x000000000000ed15      0xf67 ./board/peripherals.o
 .debug_info    0x000000000000fc7c     0x1044 ./board/pin_mux.o
 .debug_info    0x0000000000010cc0      0x43b ./CMSIS/system_MKL16Z4.o
 .debug_info    0x00000000000110fb       0x26 /usr/lib/gcc/arm-none-eabi/9.2.1/thumb/v6-m/nofp/libgcc.a(_udivsi3.o)
 .debug_info    0x0000000000011121       0x26 /usr/lib/gcc/arm-none-eabi/9.2.1/thumb/v6-m/nofp/libgcc.a(_dvmd_tls.o)
 .debug_info    0x0000000000011147      0xf35 /usr/lib/gcc/arm-none-eabi/9.2.1/../../../arm-none-eabi/lib/thumb/v6-m/nofp/libc_nano.a(lib_a-memcpy-stub.o)
 .debug_info    0x000000000001207c      0xf21 /usr/lib/gcc/arm-none-eabi/9.2.1/../../../arm-none-eabi/lib/thumb/v6-m/nofp/libc_nano.a(lib_a-memset.o)

.debug_abbrev   0x0000000000000000     0x3142
 .debug_abbrev  0x0000000000000000      0x155 ./startup/startup_mkl16z4.o
 .debug_abbrev  0x0000000000000155      0x392 ./source/bad.o
 .debug_abbrev  0x00000000000004e7      0x1e6 ./source/bad_remote.o
 .debug_abbrev  0x00000000000006cd      0x1ec ./source/delay.o
 .debug_abbrev  0x00000000000008b9      0x395 ./source/lcd.o
 .debug_abbrev  0x0000000000000c4e       0x2e ./source/semihost_hardfault.o
 .debug_abbrev  0x0000000000000c7c      0x58a ./drivers/fsl_clock.o
 .debug_abbrev  0x0000000000001206      0x310 ./drivers/fsl_gpio.o
 .debug_abbrev  0x0000000000001516      0x527 ./drivers/fsl_lpsci.o
 .debug_abbrev  0x0000000000001a3d      0x3d4 ./drivers/fsl_tpm.o
 .debug_abbrev  0x0000000000001e11      0x521 ./drivers/fsl_uart.o
 .debug_abbrev  0x0000000000002332       0x44 ./board/board.o
 .debug_abbrev  0x0000000000002376      0x2f4 ./board/clock_config.o
 .debug_abbrev  0x000000000000266a      0x2c5 ./board/peripherals.o
 .debug_abbrev  0x000000000000292f      0x2ff ./board/pin_mux.o
 .debug_abbrev  0x0000000000002c2e      0x12e ./CMSIS/system_MKL16Z4.o
 .debug_abbrev  0x0000000000002d5c       0x14 /usr/lib/gcc/arm-none-eabi/9.2.1/thumb/v6-m/nofp/libgcc.a(_udivsi3.o)
 .debug_abbrev  0x0000000000002d70       0x14 /usr/lib/gcc/arm-none-eabi/9.2.1/thumb/v6-m/nofp/libgcc.a(_dvmd_tls.o)
 .debug_abbrev  0x0000000000002d84      0x1e5 /usr/lib/gcc/arm-none-eabi/9.2.1/../../../arm-none-eabi/lib/thumb/v6-m/nofp/libc_nano.a(lib_a-memcpy-stub.o)
 .debug_abbrev  0x0000000000002f69      0x1d9 /usr/lib/gcc/arm-none-eabi/9.2.1/../../../arm-none-eabi/lib/thumb/v6-m/nofp/libc_nano.a(lib_a-memset.o)

.debug_loc      0x0000000000000000     0x5955
 .debug_loc     0x0000000000000000      0x234 ./startup/startup_mkl16z4.o
 .debug_loc     0x0000000000000234      0x29a ./source/bad.o
 .debug_loc     0x00000000000004ce       0x30 ./source/delay.o
 .debug_loc     0x00000000000004fe      0x5e7 ./source/lcd.o
 .debug_loc     0x0000000000000ae5     0x12b7 ./drivers/fsl_clock.o
 .debug_loc     0x0000000000001d9c      0x5a6 ./drivers/fsl_gpio.o
 .debug_loc     0x0000000000002342     0x1302 ./drivers/fsl_lpsci.o
 .debug_loc     0x0000000000003644      0x706 ./drivers/fsl_tpm.o
 .debug_loc     0x0000000000003d4a     0x1235 ./drivers/fsl_uart.o
 .debug_loc     0x0000000000004f7f       0x6a ./board/clock_config.o
 .debug_loc     0x0000000000004fe9       0x5f ./board/peripherals.o
 .debug_loc     0x0000000000005048       0xf4 ./board/pin_mux.o
 .debug_loc     0x000000000000513c       0xb9 ./CMSIS/system_MKL16Z4.o
 .debug_loc     0x00000000000051f5      0x481 /usr/lib/gcc/arm-none-eabi/9.2.1/../../../arm-none-eabi/lib/thumb/v6-m/nofp/libc_nano.a(lib_a-memcpy-stub.o)
 .debug_loc     0x0000000000005676      0x2df /usr/lib/gcc/arm-none-eabi/9.2.1/../../../arm-none-eabi/lib/thumb/v6-m/nofp/libc_nano.a(lib_a-memset.o)

.debug_aranges  0x0000000000000000      0x778
 .debug_aranges
                0x0000000000000000      0x160 ./startup/startup_mkl16z4.o
 .debug_aranges
                0x0000000000000160       0x30 ./source/bad.o
 .debug_aranges
                0x0000000000000190       0x20 ./source/bad_remote.o
 .debug_aranges
                0x00000000000001b0       0x28 ./source/delay.o
 .debug_aranges
                0x00000000000001d8       0x40 ./source/lcd.o
 .debug_aranges
                0x0000000000000218       0x20 ./source/semihost_hardfault.o
 .debug_aranges
                0x0000000000000238      0x168 ./drivers/fsl_clock.o
 .debug_aranges
                0x00000000000003a0       0x48 ./drivers/fsl_gpio.o
 .debug_aranges
                0x00000000000003e8       0xe0 ./drivers/fsl_lpsci.o
 .debug_aranges
                0x00000000000004c8       0x70 ./drivers/fsl_tpm.o
 .debug_aranges
                0x0000000000000538       0xf8 ./drivers/fsl_uart.o
 .debug_aranges
                0x0000000000000630       0x20 ./board/board.o
 .debug_aranges
                0x0000000000000650       0x30 ./board/clock_config.o
 .debug_aranges
                0x0000000000000680       0x28 ./board/peripherals.o
 .debug_aranges
                0x00000000000006a8       0x28 ./board/pin_mux.o
 .debug_aranges
                0x00000000000006d0       0x28 ./CMSIS/system_MKL16Z4.o
 .debug_aranges
                0x00000000000006f8       0x20 /usr/lib/gcc/arm-none-eabi/9.2.1/thumb/v6-m/nofp/libgcc.a(_udivsi3.o)
 .debug_aranges
                0x0000000000000718       0x20 /usr/lib/gcc/arm-none-eabi/9.2.1/thumb/v6-m/nofp/libgcc.a(_dvmd_tls.o)
 .debug_aranges
                0x0000000000000738       0x20 /usr/lib/gcc/arm-none-eabi/9.2.1/../../../arm-none-eabi/lib/thumb/v6-m/nofp/libc_nano.a(lib_a-memcpy-stub.o)
 .debug_aranges
                0x0000000000000758       0x20 /usr/lib/gcc/arm-none-eabi/9.2.1/../../../arm-none-eabi/lib/thumb/v6-m/nofp/libc_nano.a(lib_a-memset.o)

.debug_ranges   0x0000000000000000      0xac8
 .debug_ranges  0x0000000000000000      0x150 ./startup/startup_mkl16z4.o
 .debug_ranges  0x0000000000000150       0x78 ./source/bad.o
 .debug_ranges  0x00000000000001c8       0x10 ./source/bad_remote.o
 .debug_ranges  0x00000000000001d8       0x18 ./source/delay.o
 .debug_ranges  0x00000000000001f0      0x190 ./source/lcd.o
 .debug_ranges  0x0000000000000380       0x10 ./source/semihost_hardfault.o
 .debug_ranges  0x0000000000000390      0x280 ./drivers/fsl_clock.o
 .debug_ranges  0x0000000000000610       0x68 ./drivers/fsl_gpio.o
 .debug_ranges  0x0000000000000678      0x130 ./drivers/fsl_lpsci.o
 .debug_ranges  0x00000000000007a8       0xc8 ./drivers/fsl_tpm.o
 .debug_ranges  0x0000000000000870      0x148 ./drivers/fsl_uart.o
 .debug_ranges  0x00000000000009b8       0x10 ./board/board.o
 .debug_ranges  0x00000000000009c8       0x60 ./board/clock_config.o
 .debug_ranges  0x0000000000000a28       0x30 ./board/peripherals.o
 .debug_ranges  0x0000000000000a58       0x58 ./board/pin_mux.o
 .debug_ranges  0x0000000000000ab0       0x18 ./CMSIS/system_MKL16Z4.o

.debug_line     0x0000000000000000     0x6644
 .debug_line    0x0000000000000000      0x3cb ./startup/startup_mkl16z4.o
 .debug_line    0x00000000000003cb      0x5c6 ./source/bad.o
 .debug_line    0x0000000000000991      0x227 ./source/bad_remote.o
 .debug_line    0x0000000000000bb8      0x16d ./source/delay.o
 .debug_line    0x0000000000000d25      0x610 ./source/lcd.o
 .debug_line    0x0000000000001335       0x5a ./source/semihost_hardfault.o
 .debug_line    0x000000000000138f     0x17c3 ./drivers/fsl_clock.o
 .debug_line    0x0000000000002b52      0x46a ./drivers/fsl_gpio.o
 .debug_line    0x0000000000002fbc      0xfb8 ./drivers/fsl_lpsci.o
 .debug_line    0x0000000000003f74      0x831 ./drivers/fsl_tpm.o
 .debug_line    0x00000000000047a5      0xf8d ./drivers/fsl_uart.o
 .debug_line    0x0000000000005732       0x45 ./board/board.o
 .debug_line    0x0000000000005777      0x268 ./board/clock_config.o
 .debug_line    0x00000000000059df      0x1f8 ./board/peripherals.o
 .debug_line    0x0000000000005bd7      0x28e ./board/pin_mux.o
 .debug_line    0x0000000000005e65      0x245 ./CMSIS/system_MKL16Z4.o
 .debug_line    0x00000000000060aa       0x6c /usr/lib/gcc/arm-none-eabi/9.2.1/thumb/v6-m/nofp/libgcc.a(_udivsi3.o)
 .debug_line    0x0000000000006116       0x60 /usr/lib/gcc/arm-none-eabi/9.2.1/thumb/v6-m/nofp/libgcc.a(_dvmd_tls.o)
 .debug_line    0x0000000000006176      0x24d /usr/lib/gcc/arm-none-eabi/9.2.1/../../../arm-none-eabi/lib/thumb/v6-m/nofp/libc_nano.a(lib_a-memcpy-stub.o)
 .debug_line    0x00000000000063c3      0x281 /usr/lib/gcc/arm-none-eabi/9.2.1/../../../arm-none-eabi/lib/thumb/v6-m/nofp/libc_nano.a(lib_a-memset.o)

.debug_str      0x0000000000000000     0x4931
 .debug_str     0x0000000000000000      0x4c1 ./startup/startup_mkl16z4.o
                                        0x4d9 (size before relaxing)
 .debug_str     0x00000000000004c1      0xfa7 ./source/bad.o
                                       0x119e (size before relaxing)
 .debug_str     0x0000000000001468      0x365 ./source/bad_remote.o
                                        0xcc9 (size before relaxing)
 .debug_str     0x00000000000017cd       0x2e ./source/delay.o
                                        0x62f (size before relaxing)
 .debug_str     0x00000000000017fb      0x360 ./source/lcd.o
                                        0x9bf (size before relaxing)
 .debug_str     0x0000000000001b5b       0x1f ./source/semihost_hardfault.o
                                        0x14d (size before relaxing)
 .debug_str     0x0000000000001b7a      0xc63 ./drivers/fsl_clock.o
                                       0x19e4 (size before relaxing)
 .debug_str     0x00000000000027dd      0x15a ./drivers/fsl_gpio.o
                                        0xc9e (size before relaxing)
 .debug_str     0x0000000000002937      0xa9b ./drivers/fsl_lpsci.o
                                       0x19c3 (size before relaxing)
 .debug_str     0x00000000000033d2      0x527 ./drivers/fsl_tpm.o
                                       0x1585 (size before relaxing)
 .debug_str     0x00000000000038f9      0x8e6 ./drivers/fsl_uart.o
                                       0x19cf (size before relaxing)
 .debug_str     0x00000000000041df       0x11 ./board/board.o
                                        0x1c8 (size before relaxing)
 .debug_str     0x00000000000041f0       0x5b ./board/clock_config.o
                                        0xf21 (size before relaxing)
 .debug_str     0x000000000000424b       0xb0 ./board/peripherals.o
                                       0x101c (size before relaxing)
 .debug_str     0x00000000000042fb       0xbe ./board/pin_mux.o
                                        0xb39 (size before relaxing)
 .debug_str     0x00000000000043b9       0x61 ./CMSIS/system_MKL16Z4.o
                                        0x318 (size before relaxing)
 .debug_str     0x000000000000441a       0xa3 /usr/lib/gcc/arm-none-eabi/9.2.1/thumb/v6-m/nofp/libgcc.a(_udivsi3.o)
 .debug_str     0x00000000000044bd       0xa3 /usr/lib/gcc/arm-none-eabi/9.2.1/thumb/v6-m/nofp/libgcc.a(_dvmd_tls.o)
 .debug_str     0x00000000000044bd      0x3ce /usr/lib/gcc/arm-none-eabi/9.2.1/../../../arm-none-eabi/lib/thumb/v6-m/nofp/libc_nano.a(lib_a-memcpy-stub.o)
                                        0x92d (size before relaxing)
 .debug_str     0x000000000000488b       0xa6 /usr/lib/gcc/arm-none-eabi/9.2.1/../../../arm-none-eabi/lib/thumb/v6-m/nofp/libc_nano.a(lib_a-memset.o)
                                        0x908 (size before relaxing)

.comment        0x0000000000000000       0xa7
 .comment       0x0000000000000000       0x59 ./startup/startup_mkl16z4.o
                                         0x5a (size before relaxing)
 .comment       0x0000000000000059       0x5a ./source/bad.o
 .comment       0x0000000000000059       0x5a ./source/bad_remote.o
 .comment       0x0000000000000059       0x5a ./source/delay.o
 .comment       0x0000000000000059       0x5a ./source/lcd.o
 .comment       0x0000000000000059       0x5a ./source/semihost_hardfault.o
 .comment       0x0000000000000059       0x5a ./drivers/fsl_clock.o
 .comment       0x0000000000000059       0x5a ./drivers/fsl_gpio.o
 .comment       0x0000000000000059       0x5a ./drivers/fsl_lpsci.o
 .comment       0x0000000000000059       0x5a ./drivers/fsl_tpm.o
 .comment       0x0000000000000059       0x5a ./drivers/fsl_uart.o
 .comment       0x0000000000000059       0x5a ./board/board.o
 .comment       0x0000000000000059       0x5a ./board/clock_config.o
 .comment       0x0000000000000059       0x5a ./board/peripherals.o
 .comment       0x0000000000000059       0x5a ./board/pin_mux.o
 .comment       0x0000000000000059       0x5a ./CMSIS/system_MKL16Z4.o
 .comment       0x0000000000000059       0x4e /usr/lib/gcc/arm-none-eabi/9.2.1/../../../arm-none-eabi/lib/thumb/v6-m/nofp/libc_nano.a(lib_a-memcpy-stub.o)
                                         0x4f (size before relaxing)
 .comment       0x00000000000000a7       0x4f /usr/lib/gcc/arm-none-eabi/9.2.1/../../../arm-none-eabi/lib/thumb/v6-m/nofp/libc_nano.a(lib_a-memset.o)

.ARM.attributes
                0x0000000000000000       0x2c
 .ARM.attributes
                0x0000000000000000       0x2c ./startup/startup_mkl16z4.o
 .ARM.attributes
                0x000000000000002c       0x2c ./source/bad.o
 .ARM.attributes
                0x0000000000000058       0x2c ./source/bad_remote.o
 .ARM.attributes
                0x0000000000000084       0x2c ./source/delay.o
 .ARM.attributes
                0x00000000000000b0       0x2c ./source/lcd.o
 .ARM.attributes
                0x00000000000000dc       0x2c ./source/semihost_hardfault.o
 .ARM.attributes
                0x0000000000000108       0x2c ./drivers/fsl_clock.o
 .ARM.attributes
                0x0000000000000134       0x2c ./drivers/fsl_gpio.o
 .ARM.attributes
                0x0000000000000160       0x2c ./drivers/fsl_lpsci.o
 .ARM.attributes
                0x000000000000018c       0x2c ./drivers/fsl_tpm.o
 .ARM.attributes
                0x00000000000001b8       0x2c ./drivers/fsl_uart.o
 .ARM.attributes
                0x00000000000001e4       0x2c ./board/board.o
 .ARM.attributes
                0x0000000000000210       0x2c ./board/clock_config.o
 .ARM.attributes
                0x000000000000023c       0x2c ./board/peripherals.o
 .ARM.attributes
                0x0000000000000268       0x2c ./board/pin_mux.o
 .ARM.attributes
                0x0000000000000294       0x2c ./CMSIS/system_MKL16Z4.o
 .ARM.attributes
                0x00000000000002c0       0x1e /usr/lib/gcc/arm-none-eabi/9.2.1/thumb/v6-m/nofp/libgcc.a(_udivsi3.o)
 .ARM.attributes
                0x00000000000002de       0x1e /usr/lib/gcc/arm-none-eabi/9.2.1/thumb/v6-m/nofp/libgcc.a(_dvmd_tls.o)
 .ARM.attributes
                0x00000000000002fc       0x2c /usr/lib/gcc/arm-none-eabi/9.2.1/../../../arm-none-eabi/lib/thumb/v6-m/nofp/libc_nano.a(lib_a-memcpy-stub.o)
 .ARM.attributes
                0x0000000000000328       0x2c /usr/lib/gcc/arm-none-eabi/9.2.1/../../../arm-none-eabi/lib/thumb/v6-m/nofp/libc_nano.a(lib_a-memset.o)

.debug_frame    0x0000000000000000     0x11a8
 .debug_frame   0x0000000000000000      0x3bc ./startup/startup_mkl16z4.o
 .debug_frame   0x00000000000003bc       0x60 ./source/bad.o
 .debug_frame   0x000000000000041c       0x28 ./source/bad_remote.o
 .debug_frame   0x0000000000000444       0x30 ./source/delay.o
 .debug_frame   0x0000000000000474       0x94 ./source/lcd.o
 .debug_frame   0x0000000000000508       0x20 ./source/semihost_hardfault.o
 .debug_frame   0x0000000000000528      0x43c ./drivers/fsl_clock.o
 .debug_frame   0x0000000000000964       0x70 ./drivers/fsl_gpio.o
 .debug_frame   0x00000000000009d4      0x244 ./drivers/fsl_lpsci.o
 .debug_frame   0x0000000000000c18      0x120 ./drivers/fsl_tpm.o
 .debug_frame   0x0000000000000d38      0x2a0 ./drivers/fsl_uart.o
 .debug_frame   0x0000000000000fd8       0x20 ./board/board.o
 .debug_frame   0x0000000000000ff8       0x50 ./board/clock_config.o
 .debug_frame   0x0000000000001048       0x5c ./board/peripherals.o
 .debug_frame   0x00000000000010a4       0x44 ./board/pin_mux.o
 .debug_frame   0x00000000000010e8       0x3c ./CMSIS/system_MKL16Z4.o
 .debug_frame   0x0000000000001124       0x20 /usr/lib/gcc/arm-none-eabi/9.2.1/thumb/v6-m/nofp/libgcc.a(_udivsi3.o)
 .debug_frame   0x0000000000001144       0x34 /usr/lib/gcc/arm-none-eabi/9.2.1/../../../arm-none-eabi/lib/thumb/v6-m/nofp/libc_nano.a(lib_a-memcpy-stub.o)
 .debug_frame   0x0000000000001178       0x30 /usr/lib/gcc/arm-none-eabi/9.2.1/../../../arm-none-eabi/lib/thumb/v6-m/nofp/libc_nano.a(lib_a-memset.o)

Cross Reference Table

Symbol                                            File
ADC0_DriverIRQHandler                             ./startup/startup_mkl16z4.o
ADC0_IRQHandler                                   ./startup/startup_mkl16z4.o
BOARD_BootClockRUN                                ./board/clock_config.o
BOARD_InitBootClocks                              ./board/clock_config.o
                                                  ./source/bad_remote.o
BOARD_InitBootPeripherals                         ./board/peripherals.o
                                                  ./source/bad_remote.o
BOARD_InitBootPins                                ./board/pin_mux.o
                                                  ./source/bad_remote.o
BOARD_InitDebugConsole                            ./board/board.o
                                                  ./source/bad_remote.o
BOARD_InitPeripherals                             ./board/peripherals.o
BOARD_InitPins                                    ./board/pin_mux.o
CLOCK_BootToBlpeMode                              ./drivers/fsl_clock.o
CLOCK_BootToBlpiMode                              ./drivers/fsl_clock.o
CLOCK_BootToFeeMode                               ./drivers/fsl_clock.o
CLOCK_BootToFeiMode                               ./drivers/fsl_clock.o
                                                  ./board/clock_config.o
CLOCK_BootToPeeMode                               ./drivers/fsl_clock.o
CLOCK_CalcPllDiv                                  ./drivers/fsl_clock.o
CLOCK_ClearStatusFlags                            ./drivers/fsl_clock.o
CLOCK_DeinitOsc0                                  ./drivers/fsl_clock.o
CLOCK_EnablePll0                                  ./drivers/fsl_clock.o
CLOCK_ExternalModeToFbeModeQuick                  ./drivers/fsl_clock.o
CLOCK_FllStableDelay                              ./drivers/fsl_clock.o
CLOCK_GetBusClkFreq                               ./drivers/fsl_clock.o
CLOCK_GetCoreSysClkFreq                           ./drivers/fsl_clock.o
CLOCK_GetEr32kClkFreq                             ./drivers/fsl_clock.o
CLOCK_GetFixedFreqClkFreq                         ./drivers/fsl_clock.o
CLOCK_GetFlashClkFreq                             ./drivers/fsl_clock.o
CLOCK_GetFllFreq                                  ./drivers/fsl_clock.o
CLOCK_GetFreq                                     ./drivers/fsl_clock.o
CLOCK_GetInternalRefClkFreq                       ./drivers/fsl_clock.o
CLOCK_GetMode                                     ./drivers/fsl_clock.o
CLOCK_GetOsc0ErClkFreq                            ./drivers/fsl_clock.o
CLOCK_GetOutClkFreq                               ./drivers/fsl_clock.o
CLOCK_GetPlatClkFreq                              ./drivers/fsl_clock.o
CLOCK_GetPll0Freq                                 ./drivers/fsl_clock.o
CLOCK_GetPllFllSelClkFreq                         ./drivers/fsl_clock.o
CLOCK_GetStatusFlags                              ./drivers/fsl_clock.o
CLOCK_InitOsc0                                    ./drivers/fsl_clock.o
CLOCK_InternalModeToFbiModeQuick                  ./drivers/fsl_clock.o
CLOCK_SetBlpeMode                                 ./drivers/fsl_clock.o
CLOCK_SetBlpiMode                                 ./drivers/fsl_clock.o
CLOCK_SetExternalRefClkConfig                     ./drivers/fsl_clock.o
CLOCK_SetFbeMode                                  ./drivers/fsl_clock.o
CLOCK_SetFbiMode                                  ./drivers/fsl_clock.o
CLOCK_SetFeeMode                                  ./drivers/fsl_clock.o
CLOCK_SetFeiMode                                  ./drivers/fsl_clock.o
CLOCK_SetInternalRefClkConfig                     ./drivers/fsl_clock.o
                                                  ./board/clock_config.o
CLOCK_SetMcgConfig                                ./drivers/fsl_clock.o
CLOCK_SetOsc0MonitorMode                          ./drivers/fsl_clock.o
CLOCK_SetPbeMode                                  ./drivers/fsl_clock.o
CLOCK_SetPeeMode                                  ./drivers/fsl_clock.o
CLOCK_SetPll0MonitorMode                          ./drivers/fsl_clock.o
CLOCK_SetSimConfig                                ./drivers/fsl_clock.o
                                                  ./board/clock_config.o
CLOCK_TrimInternalRefClk                          ./drivers/fsl_clock.o
CMP0_DriverIRQHandler                             ./startup/startup_mkl16z4.o
CMP0_IRQHandler                                   ./startup/startup_mkl16z4.o
DAC0_DriverIRQHandler                             ./startup/startup_mkl16z4.o
DAC0_IRQHandler                                   ./startup/startup_mkl16z4.o
DMA0_DriverIRQHandler                             ./startup/startup_mkl16z4.o
DMA0_IRQHandler                                   ./startup/startup_mkl16z4.o
DMA1_DriverIRQHandler                             ./startup/startup_mkl16z4.o
DMA1_IRQHandler                                   ./startup/startup_mkl16z4.o
DMA2_DriverIRQHandler                             ./startup/startup_mkl16z4.o
DMA2_IRQHandler                                   ./startup/startup_mkl16z4.o
DMA3_DriverIRQHandler                             ./startup/startup_mkl16z4.o
DMA3_IRQHandler                                   ./startup/startup_mkl16z4.o
DbgConsole_Deinit                                 ./utilities/fsl_debug_console.o
DbgConsole_Init                                   ./utilities/fsl_debug_console.o
FGPIO_ClearPinsInterruptFlags                     ./drivers/fsl_gpio.o
FGPIO_GetPinsInterruptFlags                       ./drivers/fsl_gpio.o
FGPIO_PinInit                                     ./drivers/fsl_gpio.o
FTFA_DriverIRQHandler                             ./startup/startup_mkl16z4.o
FTFA_IRQHandler                                   ./startup/startup_mkl16z4.o
Flash_Config                                      ./startup/startup_mkl16z4.o
Freq8                                             ./source/bad.o
GPIO_ClearPinsInterruptFlags                      ./drivers/fsl_gpio.o
GPIO_GetPinsInterruptFlags                        ./drivers/fsl_gpio.o
GPIO_PinInit                                      ./drivers/fsl_gpio.o
                                                  ./board/pin_mux.o
HardFault_Handler                                 ./source/semihost_hardfault.o
                                                  ./startup/startup_mkl16z4.o
I2C0_DriverIRQHandler                             ./startup/startup_mkl16z4.o
I2C0_IRQHandler                                   ./startup/startup_mkl16z4.o
I2C1_DriverIRQHandler                             ./startup/startup_mkl16z4.o
I2C1_IRQHandler                                   ./startup/startup_mkl16z4.o
I2S0_DriverIRQHandler                             ./startup/startup_mkl16z4.o
I2S0_IRQHandler                                   ./startup/startup_mkl16z4.o
InstallIRQHandler                                 ./drivers/fsl_common.o
IntDefaultHandler                                 ./startup/startup_mkl16z4.o
LLWU_DriverIRQHandler                             ./startup/startup_mkl16z4.o
LLWU_IRQHandler                                   ./startup/startup_mkl16z4.o
LPSCI_ClearStatusFlags                            ./drivers/fsl_lpsci.o
LPSCI_Deinit                                      ./drivers/fsl_lpsci.o
                                                  ./utilities/fsl_debug_console.o
LPSCI_DisableInterrupts                           ./drivers/fsl_lpsci.o
LPSCI_EnableInterrupts                            ./drivers/fsl_lpsci.o
LPSCI_GetDefaultConfig                            ./drivers/fsl_lpsci.o
                                                  ./utilities/fsl_debug_console.o
LPSCI_GetEnabledInterrupts                        ./drivers/fsl_lpsci.o
LPSCI_GetInstance                                 ./drivers/fsl_lpsci.o
LPSCI_GetStatusFlags                              ./drivers/fsl_lpsci.o
LPSCI_Init                                        ./drivers/fsl_lpsci.o
                                                  ./utilities/fsl_debug_console.o
LPSCI_ReadBlocking                                ./drivers/fsl_lpsci.o
                                                  ./utilities/fsl_debug_console.o
LPSCI_SetBaudRate                                 ./drivers/fsl_lpsci.o
LPSCI_TransferAbortReceive                        ./drivers/fsl_lpsci.o
LPSCI_TransferAbortSend                           ./drivers/fsl_lpsci.o
LPSCI_TransferCreateHandle                        ./drivers/fsl_lpsci.o
LPSCI_TransferGetReceiveCount                     ./drivers/fsl_lpsci.o
LPSCI_TransferGetSendCount                        ./drivers/fsl_lpsci.o
LPSCI_TransferHandleErrorIRQ                      ./drivers/fsl_lpsci.o
LPSCI_TransferHandleIRQ                           ./drivers/fsl_lpsci.o
LPSCI_TransferReceiveNonBlocking                  ./drivers/fsl_lpsci.o
LPSCI_TransferSendNonBlocking                     ./drivers/fsl_lpsci.o
LPSCI_TransferStartRingBuffer                     ./drivers/fsl_lpsci.o
LPSCI_TransferStopRingBuffer                      ./drivers/fsl_lpsci.o
LPSCI_WriteBlocking                               ./drivers/fsl_lpsci.o
                                                  ./utilities/fsl_debug_console.o
LPTMR0_DriverIRQHandler                           ./startup/startup_mkl16z4.o
LPTMR0_IRQHandler                                 ./startup/startup_mkl16z4.o
LVD_LVW_DriverIRQHandler                          ./startup/startup_mkl16z4.o
LVD_LVW_IRQHandler                                ./startup/startup_mkl16z4.o
MCG_DriverIRQHandler                              ./startup/startup_mkl16z4.o
MCG_IRQHandler                                    ./startup/startup_mkl16z4.o
Melody0_Length                                    ./source/bad.o
NMI_Handler                                       ./startup/startup_mkl16z4.o
PIT_DriverIRQHandler                              ./startup/startup_mkl16z4.o
PIT_IRQHandler                                    ./startup/startup_mkl16z4.o
PORTA_DriverIRQHandler                            ./startup/startup_mkl16z4.o
PORTA_IRQHandler                                  ./startup/startup_mkl16z4.o
PORTC_PORTD_DriverIRQHandler                      ./startup/startup_mkl16z4.o
PORTC_PORTD_IRQHandler                            ./startup/startup_mkl16z4.o
PendSV_Handler                                    ./startup/startup_mkl16z4.o
RTC_DriverIRQHandler                              ./startup/startup_mkl16z4.o
RTC_IRQHandler                                    ./startup/startup_mkl16z4.o
RTC_Seconds_DriverIRQHandler                      ./startup/startup_mkl16z4.o
RTC_Seconds_IRQHandler                            ./startup/startup_mkl16z4.o
Reserved20_DriverIRQHandler                       ./startup/startup_mkl16z4.o
Reserved20_IRQHandler                             ./startup/startup_mkl16z4.o
Reserved40_DriverIRQHandler                       ./startup/startup_mkl16z4.o
Reserved40_IRQHandler                             ./startup/startup_mkl16z4.o
Reserved45_DriverIRQHandler                       ./startup/startup_mkl16z4.o
Reserved45_IRQHandler                             ./startup/startup_mkl16z4.o
ResetISR                                          ./startup/startup_mkl16z4.o
SPI0_DriverIRQHandler                             ./startup/startup_mkl16z4.o
SPI0_IRQHandler                                   ./startup/startup_mkl16z4.o
SPI1_DriverIRQHandler                             ./startup/startup_mkl16z4.o
SPI1_IRQHandler                                   ./startup/startup_mkl16z4.o
SVC_Handler                                       ./startup/startup_mkl16z4.o
SysTick_Handler                                   ./source/bad.o
                                                  ./startup/startup_mkl16z4.o
SystemCoreClock                                   ./CMSIS/system_MKL16Z4.o
                                                  ./board/clock_config.o
                                                  ./source/bad.o
SystemCoreClockUpdate                             ./CMSIS/system_MKL16Z4.o
SystemInit                                        ./CMSIS/system_MKL16Z4.o
                                                  ./startup/startup_mkl16z4.o
TPM0_DriverIRQHandler                             ./startup/startup_mkl16z4.o
TPM0_IRQHandler                                   ./startup/startup_mkl16z4.o
TPM1_DriverIRQHandler                             ./startup/startup_mkl16z4.o
TPM1_IRQHandler                                   ./startup/startup_mkl16z4.o
TPM1_config                                       ./board/peripherals.o
TPM1_pwmSignalParams                              ./board/peripherals.o
TPM2_DriverIRQHandler                             ./startup/startup_mkl16z4.o
TPM2_IRQHandler                                   ./startup/startup_mkl16z4.o
TPM_Deinit                                        ./drivers/fsl_tpm.o
TPM_DisableInterrupts                             ./drivers/fsl_tpm.o
TPM_EnableInterrupts                              ./drivers/fsl_tpm.o
TPM_GetDefaultConfig                              ./drivers/fsl_tpm.o
TPM_GetEnabledInterrupts                          ./drivers/fsl_tpm.o
TPM_Init                                          ./drivers/fsl_tpm.o
                                                  ./board/peripherals.o
TPM_SetupInputCapture                             ./drivers/fsl_tpm.o
TPM_SetupOutputCompare                            ./drivers/fsl_tpm.o
TPM_SetupPwm                                      ./drivers/fsl_tpm.o
                                                  ./board/peripherals.o
TPM_UpdateChnlEdgeLevelSelect                     ./drivers/fsl_tpm.o
TPM_UpdatePwmDutycycle                            ./drivers/fsl_tpm.o
TSI0_DriverIRQHandler                             ./startup/startup_mkl16z4.o
TSI0_IRQHandler                                   ./startup/startup_mkl16z4.o
UART0_DriverIRQHandler                            ./drivers/fsl_lpsci.o
                                                  ./startup/startup_mkl16z4.o
UART0_IRQHandler                                  ./startup/startup_mkl16z4.o
UART1_DriverIRQHandler                            ./drivers/fsl_uart.o
                                                  ./startup/startup_mkl16z4.o
UART1_IRQHandler                                  ./startup/startup_mkl16z4.o
UART1_RX_TX_DriverIRQHandler                      ./drivers/fsl_uart.o
UART2_DriverIRQHandler                            ./drivers/fsl_uart.o
                                                  ./startup/startup_mkl16z4.o
UART2_IRQHandler                                  ./startup/startup_mkl16z4.o
UART2_RX_TX_DriverIRQHandler                      ./drivers/fsl_uart.o
UART_ClearStatusFlags                             ./drivers/fsl_uart.o
UART_Deinit                                       ./drivers/fsl_uart.o
                                                  ./utilities/fsl_debug_console.o
UART_DisableInterrupts                            ./drivers/fsl_uart.o
UART_EnableInterrupts                             ./drivers/fsl_uart.o
UART_GetDefaultConfig                             ./drivers/fsl_uart.o
                                                  ./utilities/fsl_debug_console.o
UART_GetEnabledInterrupts                         ./drivers/fsl_uart.o
UART_GetInstance                                  ./drivers/fsl_uart.o
UART_GetStatusFlags                               ./drivers/fsl_uart.o
UART_Init                                         ./drivers/fsl_uart.o
                                                  ./utilities/fsl_debug_console.o
UART_ReadBlocking                                 ./drivers/fsl_uart.o
                                                  ./utilities/fsl_debug_console.o
UART_SetBaudRate                                  ./drivers/fsl_uart.o
UART_TransferAbortReceive                         ./drivers/fsl_uart.o
UART_TransferAbortSend                            ./drivers/fsl_uart.o
UART_TransferCreateHandle                         ./drivers/fsl_uart.o
UART_TransferGetReceiveCount                      ./drivers/fsl_uart.o
UART_TransferGetSendCount                         ./drivers/fsl_uart.o
UART_TransferHandleErrorIRQ                       ./drivers/fsl_uart.o
UART_TransferHandleIRQ                            ./drivers/fsl_uart.o
UART_TransferReceiveNonBlocking                   ./drivers/fsl_uart.o
UART_TransferSendNonBlocking                      ./drivers/fsl_uart.o
UART_TransferStartRingBuffer                      ./drivers/fsl_uart.o
UART_TransferStopRingBuffer                       ./drivers/fsl_uart.o
UART_WriteBlocking                                ./drivers/fsl_uart.o
                                                  ./utilities/fsl_debug_console.o
__RAM_VECTOR_TABLE_SIZE_BYTES                     ./drivers/fsl_common.o
__VECTOR_RAM                                      ./drivers/fsl_common.o
__VECTOR_TABLE                                    ./drivers/fsl_common.o
__Vectors                                         ./startup/startup_mkl16z4.o
__aeabi_idiv                                      /usr/lib/gcc/arm-none-eabi/9.2.1/thumb/v6-m/nofp/libgcc.a(_divsi3.o)
                                                  ./CMSIS/system_MKL16Z4.o
                                                  ./drivers/fsl_tpm.o
                                                  ./drivers/fsl_clock.o
                                                  ./source/bad.o
__aeabi_idiv0                                     /usr/lib/gcc/arm-none-eabi/9.2.1/thumb/v6-m/nofp/libgcc.a(_dvmd_tls.o)
                                                  /usr/lib/gcc/arm-none-eabi/9.2.1/thumb/v6-m/nofp/libgcc.a(_divsi3.o)
                                                  /usr/lib/gcc/arm-none-eabi/9.2.1/thumb/v6-m/nofp/libgcc.a(_udivsi3.o)
__aeabi_idivmod                                   /usr/lib/gcc/arm-none-eabi/9.2.1/thumb/v6-m/nofp/libgcc.a(_divsi3.o)
__aeabi_ldiv0                                     /usr/lib/gcc/arm-none-eabi/9.2.1/thumb/v6-m/nofp/libgcc.a(_dvmd_tls.o)
__aeabi_uidiv                                     /usr/lib/gcc/arm-none-eabi/9.2.1/thumb/v6-m/nofp/libgcc.a(_udivsi3.o)
                                                  ./CMSIS/system_MKL16Z4.o
                                                  ./drivers/fsl_uart.o
                                                  ./drivers/fsl_tpm.o
                                                  ./drivers/fsl_lpsci.o
                                                  ./drivers/fsl_clock.o
                                                  ./source/bad.o
__aeabi_uidivmod                                  /usr/lib/gcc/arm-none-eabi/9.2.1/thumb/v6-m/nofp/libgcc.a(_udivsi3.o)
                                                  ./source/bad.o
__bss_section_table_end                           ./startup/startup_mkl16z4.o
__data_section_table                              ./startup/startup_mkl16z4.o
__data_section_table_end                          ./startup/startup_mkl16z4.o
__divsi3                                          /usr/lib/gcc/arm-none-eabi/9.2.1/thumb/v6-m/nofp/libgcc.a(_divsi3.o)
__gnu_thumb1_case_uqi                             /usr/lib/gcc/arm-none-eabi/9.2.1/thumb/v6-m/nofp/libgcc.a(_thumb1_case_uqi.o)
                                                  ./drivers/fsl_clock.o
__udivsi3                                         /usr/lib/gcc/arm-none-eabi/9.2.1/thumb/v6-m/nofp/libgcc.a(_udivsi3.o)
_delay_ms                                         ./source/delay.o
                                                  ./source/lcd.o
_vStackTop                                        ./startup/startup_mkl16z4.o
bad_main                                          ./source/bad.o
                                                  ./source/bad_remote.o
bss_init                                          ./startup/startup_mkl16z4.o
data_init                                         ./startup/startup_mkl16z4.o
delay_us                                          ./source/delay.o
                                                  ./source/lcd.o
g_msTicks                                         ./source/delay.o
                                                  ./source/bad.o
g_pfnVectors                                      ./startup/startup_mkl16z4.o
g_xtal0Freq                                       ./drivers/fsl_clock.o
g_xtal32Freq                                      ./drivers/fsl_clock.o
lcd_init                                          ./source/lcd.o
                                                  ./source/bad.o
lcd_powerdown                                     ./source/lcd.o
lcd_send_data                                     ./source/lcd.o
                                                  ./source/bad.o
lcd_show_logo                                     ./source/lcd.o
main                                              ./source/bad_remote.o
                                                  ./startup/startup_mkl16z4.o
mcgConfig_BOARD_BootClockRUN                      ./board/clock_config.o
memcpy                                            /usr/lib/gcc/arm-none-eabi/9.2.1/../../../arm-none-eabi/lib/thumb/v6-m/nofp/libc_nano.a(lib_a-memcpy-stub.o)
                                                  ./board/pin_mux.o
memset                                            /usr/lib/gcc/arm-none-eabi/9.2.1/../../../arm-none-eabi/lib/thumb/v6-m/nofp/libc_nano.a(lib_a-memset.o)
                                                  ./drivers/fsl_uart.o
                                                  ./drivers/fsl_lpsci.o
                                                  ./source/bad.o
multiple_frames_bin                               ./source/bad.o
oscConfig_BOARD_BootClockRUN                      ./board/clock_config.o
resizePixels                                      ./source/bad.o
simConfig_BOARD_BootClockRUN                      ./board/clock_config.o
